// Jest Snapshot v1, https://goo.gl/fbAQLP

exports[`Prueba en GifGridItem.jsx debe de mostrar el componente GifGridItem correctamente 1`] = `
<div
  className="card animate__animated animate__fadeIn "
>
  <img
    alt="Hola mundo"
    src="https://localhost/algo.jpg"
  />
  <p>
    Hola mundo
  </p>
</div>
`;
